[2025-04-25T19:14:59.558-0400][gc,heap] Heap region size: 1M
[2025-04-25T19:14:59.567-0400][gc     ] Using G1
[2025-04-25T19:14:59.567-0400][gc,heap,coops] Heap address: 0x00000000c0000000, size: 1024 MB, Compressed Oops mode: 32-bit
[2025-04-25T19:14:59.567-0400][gc,cds       ] Mark closed archive regions in map: [0x00000000fff00000, 0x00000000fff6bff8]
[2025-04-25T19:14:59.567-0400][gc,cds       ] Mark open archive regions in map: [0x00000000ffe00000, 0x00000000ffe47ff8]
[2025-04-25T19:15:00.582-0400][gc,start     ] GC(0) Pause Young (Normal) (G1 Evacuation Pause)
[2025-04-25T19:15:00.584-0400][gc,task      ] GC(0) Using 10 workers of 10 for evacuation
[2025-04-25T19:15:00.604-0400][gc,mmu       ] GC(0) MMU target violated: 20.3ms (20.0ms/21.0ms)
[2025-04-25T19:15:00.604-0400][gc,phases    ] GC(0)   Pre Evacuate Collection Set: 0.0ms
[2025-04-25T19:15:00.604-0400][gc,phases    ] GC(0)   Evacuate Collection Set: 18.9ms
[2025-04-25T19:15:00.604-0400][gc,phases    ] GC(0)   Post Evacuate Collection Set: 1.3ms
[2025-04-25T19:15:00.604-0400][gc,phases    ] GC(0)   Other: 1.6ms
[2025-04-25T19:15:00.604-0400][gc,heap      ] GC(0) Eden regions: 51->0(44)
[2025-04-25T19:15:00.604-0400][gc,heap      ] GC(0) Survivor regions: 0->7(7)
[2025-04-25T19:15:00.604-0400][gc,heap      ] GC(0) Old regions: 2->3
[2025-04-25T19:15:00.604-0400][gc,heap      ] GC(0) Humongous regions: 0->0
[2025-04-25T19:15:00.604-0400][gc,metaspace ] GC(0) Metaspace: 13418K(14080K)->13418K(14080K) NonClass: 11595K(12032K)->11595K(12032K) Class: 1822K(2048K)->1822K(2048K)
[2025-04-25T19:15:00.604-0400][gc           ] GC(0) Pause Young (Normal) (G1 Evacuation Pause) 51M->8M(1024M) 21.812ms
[2025-04-25T19:15:00.604-0400][gc,cpu       ] GC(0) User=0.10s Sys=0.09s Real=0.03s
[2025-04-25T19:15:01.097-0400][gc,start     ] GC(1) Pause Young (Concurrent Start) (Metadata GC Threshold)
[2025-04-25T19:15:01.097-0400][gc,task      ] GC(1) Using 10 workers of 10 for evacuation
[2025-04-25T19:15:01.109-0400][gc,phases    ] GC(1)   Pre Evacuate Collection Set: 0.1ms
[2025-04-25T19:15:01.109-0400][gc,phases    ] GC(1)   Evacuate Collection Set: 10.8ms
[2025-04-25T19:15:01.109-0400][gc,phases    ] GC(1)   Post Evacuate Collection Set: 0.5ms
[2025-04-25T19:15:01.109-0400][gc,phases    ] GC(1)   Other: 0.3ms
[2025-04-25T19:15:01.109-0400][gc,heap      ] GC(1) Eden regions: 33->0(49)
[2025-04-25T19:15:01.109-0400][gc,heap      ] GC(1) Survivor regions: 7->2(7)
[2025-04-25T19:15:01.109-0400][gc,heap      ] GC(1) Old regions: 3->10
[2025-04-25T19:15:01.109-0400][gc,heap      ] GC(1) Humongous regions: 0->0
[2025-04-25T19:15:01.109-0400][gc,metaspace ] GC(1) Metaspace: 20567K(21248K)->20567K(21248K) NonClass: 17771K(18176K)->17771K(18176K) Class: 2795K(3072K)->2795K(3072K)
[2025-04-25T19:15:01.109-0400][gc           ] GC(1) Pause Young (Concurrent Start) (Metadata GC Threshold) 40M->9M(1024M) 11.924ms
[2025-04-25T19:15:01.109-0400][gc,cpu       ] GC(1) User=0.02s Sys=0.09s Real=0.01s
[2025-04-25T19:15:01.109-0400][gc           ] GC(2) Concurrent Cycle
[2025-04-25T19:15:01.109-0400][gc,marking   ] GC(2) Concurrent Clear Claimed Marks
[2025-04-25T19:15:01.109-0400][gc,marking   ] GC(2) Concurrent Clear Claimed Marks 0.103ms
[2025-04-25T19:15:01.109-0400][gc,marking   ] GC(2) Concurrent Scan Root Regions
[2025-04-25T19:15:01.111-0400][gc,marking   ] GC(2) Concurrent Scan Root Regions 1.457ms
[2025-04-25T19:15:01.111-0400][gc,marking   ] GC(2) Concurrent Mark (1.555s)
[2025-04-25T19:15:01.111-0400][gc,marking   ] GC(2) Concurrent Mark From Roots
[2025-04-25T19:15:01.111-0400][gc,task      ] GC(2) Using 3 workers of 3 for marking
[2025-04-25T19:15:01.116-0400][gc,marking   ] GC(2) Concurrent Mark From Roots 5.123ms
[2025-04-25T19:15:01.116-0400][gc,marking   ] GC(2) Concurrent Preclean
[2025-04-25T19:15:01.116-0400][gc,marking   ] GC(2) Concurrent Preclean 0.179ms
[2025-04-25T19:15:01.116-0400][gc,marking   ] GC(2) Concurrent Mark (1.555s, 1.561s) 5.426ms
[2025-04-25T19:15:01.117-0400][gc,start     ] GC(2) Pause Remark
[2025-04-25T19:15:01.119-0400][gc,stringtable] GC(2) Cleaned string and symbol table, strings: 5785 processed, 0 removed, symbols: 54419 processed, 59 removed
[2025-04-25T19:15:01.119-0400][gc            ] GC(2) Pause Remark 9M->9M(1024M) 2.457ms
[2025-04-25T19:15:01.119-0400][gc,cpu        ] GC(2) User=0.01s Sys=0.00s Real=0.00s
[2025-04-25T19:15:01.119-0400][gc,marking    ] GC(2) Concurrent Rebuild Remembered Sets
[2025-04-25T19:15:01.121-0400][gc,marking    ] GC(2) Concurrent Rebuild Remembered Sets 1.847ms
[2025-04-25T19:15:01.122-0400][gc,start      ] GC(2) Pause Cleanup
[2025-04-25T19:15:01.122-0400][gc            ] GC(2) Pause Cleanup 9M->9M(1024M) 0.299ms
[2025-04-25T19:15:01.122-0400][gc,cpu        ] GC(2) User=0.00s Sys=0.00s Real=0.00s
[2025-04-25T19:15:01.122-0400][gc,marking    ] GC(2) Concurrent Cleanup for Next Mark
[2025-04-25T19:15:01.130-0400][gc,marking    ] GC(2) Concurrent Cleanup for Next Mark 8.146ms
[2025-04-25T19:15:01.130-0400][gc            ] GC(2) Concurrent Cycle 20.978ms
[2025-04-25T19:15:01.658-0400][gc,start      ] GC(3) Pause Young (Normal) (G1 Evacuation Pause)
[2025-04-25T19:15:01.658-0400][gc,task       ] GC(3) Using 10 workers of 10 for evacuation
[2025-04-25T19:15:01.660-0400][gc,phases     ] GC(3)   Pre Evacuate Collection Set: 0.1ms
[2025-04-25T19:15:01.660-0400][gc,phases     ] GC(3)   Evacuate Collection Set: 1.8ms
[2025-04-25T19:15:01.660-0400][gc,phases     ] GC(3)   Post Evacuate Collection Set: 0.6ms
[2025-04-25T19:15:01.660-0400][gc,phases     ] GC(3)   Other: 0.2ms
[2025-04-25T19:15:01.660-0400][gc,heap       ] GC(3) Eden regions: 49->0(47)
[2025-04-25T19:15:01.660-0400][gc,heap       ] GC(3) Survivor regions: 2->4(7)
[2025-04-25T19:15:01.660-0400][gc,heap       ] GC(3) Old regions: 10->10
[2025-04-25T19:15:01.660-0400][gc,heap       ] GC(3) Humongous regions: 129->129
[2025-04-25T19:15:01.660-0400][gc,metaspace  ] GC(3) Metaspace: 28862K(30080K)->28862K(30080K) NonClass: 25148K(25856K)->25148K(25856K) Class: 3713K(4224K)->3713K(4224K)
[2025-04-25T19:15:01.660-0400][gc            ] GC(3) Pause Young (Normal) (G1 Evacuation Pause) 187M->140M(1024M) 2.775ms
[2025-04-25T19:15:01.660-0400][gc,cpu        ] GC(3) User=0.02s Sys=0.00s Real=0.00s
[2025-04-25T19:15:02.111-0400][gc,start      ] GC(4) Pause Young (Concurrent Start) (Metadata GC Threshold)
[2025-04-25T19:15:02.111-0400][gc,task       ] GC(4) Using 10 workers of 10 for evacuation
[2025-04-25T19:15:02.117-0400][gc,phases     ] GC(4)   Pre Evacuate Collection Set: 0.3ms
[2025-04-25T19:15:02.117-0400][gc,phases     ] GC(4)   Evacuate Collection Set: 4.2ms
[2025-04-25T19:15:02.117-0400][gc,phases     ] GC(4)   Post Evacuate Collection Set: 0.8ms
[2025-04-25T19:15:02.117-0400][gc,phases     ] GC(4)   Other: 0.6ms
[2025-04-25T19:15:02.117-0400][gc,heap       ] GC(4) Eden regions: 35->0(44)
[2025-04-25T19:15:02.117-0400][gc,heap       ] GC(4) Survivor regions: 4->7(7)
[2025-04-25T19:15:02.117-0400][gc,heap       ] GC(4) Old regions: 10->10
[2025-04-25T19:15:02.117-0400][gc,heap       ] GC(4) Humongous regions: 129->129
[2025-04-25T19:15:02.117-0400][gc,metaspace  ] GC(4) Metaspace: 34543K(35840K)->34543K(35840K) NonClass: 30264K(30976K)->30264K(30976K) Class: 4279K(4864K)->4279K(4864K)
[2025-04-25T19:15:02.117-0400][gc            ] GC(4) Pause Young (Concurrent Start) (Metadata GC Threshold) 175M->143M(1024M) 6.137ms
[2025-04-25T19:15:02.118-0400][gc,cpu        ] GC(4) User=0.05s Sys=0.00s Real=0.01s
[2025-04-25T19:15:02.118-0400][gc            ] GC(5) Concurrent Cycle
[2025-04-25T19:15:02.118-0400][gc,marking    ] GC(5) Concurrent Clear Claimed Marks
[2025-04-25T19:15:02.118-0400][gc,marking    ] GC(5) Concurrent Clear Claimed Marks 0.113ms
[2025-04-25T19:15:02.118-0400][gc,marking    ] GC(5) Concurrent Scan Root Regions
[2025-04-25T19:15:02.121-0400][gc,marking    ] GC(5) Concurrent Scan Root Regions 2.784ms
[2025-04-25T19:15:02.121-0400][gc,marking    ] GC(5) Concurrent Mark (2.565s)
[2025-04-25T19:15:02.121-0400][gc,marking    ] GC(5) Concurrent Mark From Roots
[2025-04-25T19:15:02.121-0400][gc,task       ] GC(5) Using 3 workers of 3 for marking
[2025-04-25T19:15:02.127-0400][gc,marking    ] GC(5) Concurrent Mark From Roots 6.475ms
[2025-04-25T19:15:02.127-0400][gc,marking    ] GC(5) Concurrent Preclean
[2025-04-25T19:15:02.128-0400][gc,marking    ] GC(5) Concurrent Preclean 0.197ms
[2025-04-25T19:15:02.128-0400][gc,marking    ] GC(5) Concurrent Mark (2.565s, 2.572s) 6.862ms
[2025-04-25T19:15:02.128-0400][gc,start      ] GC(5) Pause Remark
[2025-04-25T19:15:02.133-0400][gc,stringtable] GC(5) Cleaned string and symbol table, strings: 10677 processed, 12 removed, symbols: 89359 processed, 17 removed
[2025-04-25T19:15:02.134-0400][gc            ] GC(5) Pause Remark 144M->144M(1024M) 5.702ms
[2025-04-25T19:15:02.134-0400][gc,cpu        ] GC(5) User=0.04s Sys=0.00s Real=0.00s
[2025-04-25T19:15:02.135-0400][gc,marking    ] GC(5) Concurrent Rebuild Remembered Sets
[2025-04-25T19:15:02.137-0400][gc,marking    ] GC(5) Concurrent Rebuild Remembered Sets 2.419ms
[2025-04-25T19:15:02.139-0400][gc,start      ] GC(5) Pause Cleanup
[2025-04-25T19:15:02.139-0400][gc            ] GC(5) Pause Cleanup 145M->145M(1024M) 0.392ms
[2025-04-25T19:15:02.139-0400][gc,cpu        ] GC(5) User=0.00s Sys=0.00s Real=0.00s
[2025-04-25T19:15:02.139-0400][gc,marking    ] GC(5) Concurrent Cleanup for Next Mark
[2025-04-25T19:15:02.145-0400][gc,marking    ] GC(5) Concurrent Cleanup for Next Mark 6.123ms
[2025-04-25T19:15:02.145-0400][gc            ] GC(5) Concurrent Cycle 27.767ms
[2025-04-25T19:32:54.013-0400][gc,start      ] GC(6) Pause Young (Normal) (G1 Evacuation Pause)
[2025-04-25T19:32:54.014-0400][gc,task       ] GC(6) Using 10 workers of 10 for evacuation
[2025-04-25T19:32:54.026-0400][gc,phases     ] GC(6)   Pre Evacuate Collection Set: 2.3ms
[2025-04-25T19:32:54.026-0400][gc,phases     ] GC(6)   Evacuate Collection Set: 8.1ms
[2025-04-25T19:32:54.026-0400][gc,phases     ] GC(6)   Post Evacuate Collection Set: 1.0ms
[2025-04-25T19:32:54.026-0400][gc,phases     ] GC(6)   Other: 1.4ms
[2025-04-25T19:32:54.026-0400][gc,heap       ] GC(6) Eden regions: 44->0(45)
[2025-04-25T19:32:54.026-0400][gc,heap       ] GC(6) Survivor regions: 7->6(7)
[2025-04-25T19:32:54.026-0400][gc,heap       ] GC(6) Old regions: 10->13
[2025-04-25T19:32:54.026-0400][gc,heap       ] GC(6) Humongous regions: 129->129
[2025-04-25T19:32:54.026-0400][gc,metaspace  ] GC(6) Metaspace: 41215K(43648K)->41215K(43648K) NonClass: 35605K(36864K)->35605K(36864K) Class: 5610K(6784K)->5610K(6784K)
[2025-04-25T19:32:54.026-0400][gc            ] GC(6) Pause Young (Normal) (G1 Evacuation Pause) 187M->145M(1024M) 12.872ms
[2025-04-25T19:32:54.026-0400][gc,cpu        ] GC(6) User=0.08s Sys=0.00s Real=0.02s
[2025-04-25T19:36:00.012-0400][gc,start      ] GC(7) Pause Young (Normal) (G1 Evacuation Pause)
[2025-04-25T19:36:00.013-0400][gc,task       ] GC(7) Using 10 workers of 10 for evacuation
[2025-04-25T19:36:00.024-0400][gc,phases     ] GC(7)   Pre Evacuate Collection Set: 0.8ms
[2025-04-25T19:36:00.024-0400][gc,phases     ] GC(7)   Evacuate Collection Set: 8.5ms
[2025-04-25T19:36:00.024-0400][gc,phases     ] GC(7)   Post Evacuate Collection Set: 1.9ms
[2025-04-25T19:36:00.024-0400][gc,phases     ] GC(7)   Other: 0.3ms
[2025-04-25T19:36:00.024-0400][gc,heap       ] GC(7) Eden regions: 45->0(47)
[2025-04-25T19:36:00.024-0400][gc,heap       ] GC(7) Survivor regions: 6->4(7)
[2025-04-25T19:36:00.024-0400][gc,heap       ] GC(7) Old regions: 13->16
[2025-04-25T19:36:00.024-0400][gc,heap       ] GC(7) Humongous regions: 129->129
[2025-04-25T19:36:00.024-0400][gc,metaspace  ] GC(7) Metaspace: 43633K(46336K)->43633K(46336K) NonClass: 37739K(39168K)->37739K(39168K) Class: 5893K(7168K)->5893K(7168K)
[2025-04-25T19:36:00.024-0400][gc            ] GC(7) Pause Young (Normal) (G1 Evacuation Pause) 190M->146M(1024M) 11.539ms
[2025-04-25T19:36:00.024-0400][gc,cpu        ] GC(7) User=0.05s Sys=0.04s Real=0.01s
[2025-04-25T19:36:50.341-0400][gc,start      ] GC(8) Pause Young (Normal) (G1 Evacuation Pause)
[2025-04-25T19:36:50.341-0400][gc,task       ] GC(8) Using 10 workers of 10 for evacuation
[2025-04-25T19:36:50.345-0400][gc,phases     ] GC(8)   Pre Evacuate Collection Set: 0.5ms
[2025-04-25T19:36:50.346-0400][gc,phases     ] GC(8)   Evacuate Collection Set: 2.9ms
[2025-04-25T19:36:50.346-0400][gc,phases     ] GC(8)   Post Evacuate Collection Set: 1.0ms
[2025-04-25T19:36:50.346-0400][gc,phases     ] GC(8)   Other: 0.2ms
[2025-04-25T19:36:50.346-0400][gc,heap       ] GC(8) Eden regions: 47->0(47)
[2025-04-25T19:36:50.346-0400][gc,heap       ] GC(8) Survivor regions: 4->4(7)
[2025-04-25T19:36:50.346-0400][gc,heap       ] GC(8) Old regions: 16->16
[2025-04-25T19:36:50.346-0400][gc,heap       ] GC(8) Humongous regions: 129->129
[2025-04-25T19:36:50.346-0400][gc,metaspace  ] GC(8) Metaspace: 43746K(46336K)->43746K(46336K) NonClass: 37852K(39168K)->37852K(39168K) Class: 5894K(7168K)->5894K(7168K)
[2025-04-25T19:36:50.346-0400][gc            ] GC(8) Pause Young (Normal) (G1 Evacuation Pause) 193M->147M(1024M) 4.649ms
[2025-04-25T19:36:50.346-0400][gc,cpu        ] GC(8) User=0.03s Sys=0.00s Real=0.01s
[2025-04-25T19:37:43.480-0400][gc,start      ] GC(9) Pause Young (Normal) (G1 Evacuation Pause)
[2025-04-25T19:37:43.481-0400][gc,task       ] GC(9) Using 10 workers of 10 for evacuation
[2025-04-25T19:37:43.484-0400][gc,phases     ] GC(9)   Pre Evacuate Collection Set: 0.4ms
[2025-04-25T19:37:43.484-0400][gc,phases     ] GC(9)   Evacuate Collection Set: 2.2ms
[2025-04-25T19:37:43.484-0400][gc,phases     ] GC(9)   Post Evacuate Collection Set: 0.7ms
[2025-04-25T19:37:43.484-0400][gc,phases     ] GC(9)   Other: 0.2ms
[2025-04-25T19:37:43.484-0400][gc,heap       ] GC(9) Eden regions: 47->0(52)
[2025-04-25T19:37:43.484-0400][gc,heap       ] GC(9) Survivor regions: 4->4(7)
[2025-04-25T19:37:43.484-0400][gc,heap       ] GC(9) Old regions: 16->16
[2025-04-25T19:37:43.484-0400][gc,heap       ] GC(9) Humongous regions: 129->129
[2025-04-25T19:37:43.484-0400][gc,metaspace  ] GC(9) Metaspace: 43880K(46592K)->43880K(46592K) NonClass: 37985K(39424K)->37985K(39424K) Class: 5894K(7168K)->5894K(7168K)
[2025-04-25T19:37:43.484-0400][gc            ] GC(9) Pause Young (Normal) (G1 Evacuation Pause) 194M->147M(1024M) 3.597ms
[2025-04-25T19:37:43.484-0400][gc,cpu        ] GC(9) User=0.02s Sys=0.00s Real=0.00s
[2025-04-25T19:38:43.293-0400][gc,heap,exit  ] Heap
[2025-04-25T19:38:43.293-0400][gc,heap,exit  ]  garbage-first heap   total 1048576K, used 197877K [0x00000000c0000000, 0x0000000100000000)
[2025-04-25T19:38:43.293-0400][gc,heap,exit  ]   region size 1024K, 51 young (52224K), 4 survivors (4096K)
[2025-04-25T19:38:43.293-0400][gc,heap,exit  ]  Metaspace       used 45086K, capacity 47791K, committed 48000K, reserved 1089536K
[2025-04-25T19:38:43.293-0400][gc,heap,exit  ]   class space    used 6155K, capacity 7466K, committed 7552K, reserved 1048576K
