[2025-04-25T19:14:25.410-0400][gc,heap] Heap region size: 1M
[2025-04-25T19:14:25.415-0400][gc     ] Using G1
[2025-04-25T19:14:25.415-0400][gc,heap,coops] Heap address: 0x00000000e0000000, size: 512 MB, Compressed Oops mode: 32-bit
[2025-04-25T19:14:25.415-0400][gc,cds       ] Mark closed archive regions in map: [0x00000000fff00000, 0x00000000fff6bff8]
[2025-04-25T19:14:25.415-0400][gc,cds       ] Mark open archive regions in map: [0x00000000ffe00000, 0x00000000ffe47ff8]
[2025-04-25T19:14:26.131-0400][gc,start     ] GC(0) Pause Young (Normal) (G1 Evacuation Pause)
[2025-04-25T19:14:26.133-0400][gc,task      ] GC(0) Using 10 workers of 10 for evacuation
[2025-04-25T19:14:26.155-0400][gc,mmu       ] GC(0) MMU target violated: 21.0ms (20.0ms/21.0ms)
[2025-04-25T19:14:26.155-0400][gc,phases    ] GC(0)   Pre Evacuate Collection Set: 0.0ms
[2025-04-25T19:14:26.155-0400][gc,phases    ] GC(0)   Evacuate Collection Set: 20.6ms
[2025-04-25T19:14:26.155-0400][gc,phases    ] GC(0)   Post Evacuate Collection Set: 0.8ms
[2025-04-25T19:14:26.155-0400][gc,phases    ] GC(0)   Other: 2.0ms
[2025-04-25T19:14:26.155-0400][gc,heap      ] GC(0) Eden regions: 25->0(21)
[2025-04-25T19:14:26.155-0400][gc,heap      ] GC(0) Survivor regions: 0->4(4)
[2025-04-25T19:14:26.155-0400][gc,heap      ] GC(0) Old regions: 2->6
[2025-04-25T19:14:26.155-0400][gc,heap      ] GC(0) Humongous regions: 0->0
[2025-04-25T19:14:26.155-0400][gc,metaspace ] GC(0) Metaspace: 6998K(7680K)->6998K(7680K) NonClass: 6212K(6656K)->6212K(6656K) Class: 785K(1024K)->785K(1024K)
[2025-04-25T19:14:26.155-0400][gc           ] GC(0) Pause Young (Normal) (G1 Evacuation Pause) 25M->8M(512M) 23.468ms
[2025-04-25T19:14:26.155-0400][gc,cpu       ] GC(0) User=0.00s Sys=0.21s Real=0.03s
[2025-04-25T19:38:46.324-0400][gc,heap,exit ] Heap
[2025-04-25T19:38:46.325-0400][gc,heap,exit ]  garbage-first heap   total 524288K, used 25083K [0x00000000e0000000, 0x0000000100000000)
[2025-04-25T19:38:46.325-0400][gc,heap,exit ]   region size 1024K, 21 young (21504K), 4 survivors (4096K)
[2025-04-25T19:38:46.325-0400][gc,heap,exit ]  Metaspace       used 9219K, capacity 9597K, committed 9984K, reserved 1058816K
[2025-04-25T19:38:46.325-0400][gc,heap,exit ]   class space    used 1002K, capacity 1165K, committed 1280K, reserved 1048576K
